// Jest Snapshot v1, https://goo.gl/fbAQLP

exports[`TEST ScoreboardDetailsContainer should match snaptshot 1`] = `[Function]`;
